#
# There is insufficient memory for the Java Runtime Environment to continue.
# Native memory allocation (mmap) failed to map 232783872 bytes. Error detail: G1 virtual space
# Possible reasons:
#   The system is out of physical RAM or swap space
#   This process is running with CompressedOops enabled, and the Java Heap may be blocking the growth of the native heap
# Possible solutions:
#   Reduce memory load on the system
#   Increase physical memory or swap space
#   Check if swap backing store is full
#   Decrease Java heap size (-Xmx/-Xms)
#   Decrease number of Java threads
#   Decrease Java thread stack sizes (-Xss)
#   Set larger code cache with -XX:ReservedCodeCacheSize=
#   JVM is running with Zero Based Compressed Oops mode in which the Java heap is
#     placed in the first 32GB address space. The Java Heap base address is the
#     maximum limit for the native heap growth. Please use -XX:HeapBaseMinAddress
#     to set the Java Heap base and to place the Java Heap above 32GB virtual address.
# This output file may be truncated or incomplete.
#
#  Out of Memory Error (os_windows.cpp:3828), pid=85204, tid=83540
#
# JRE version:  (21.0.5+8) (build )
# Java VM: OpenJDK 64-Bit Server VM (21.0.5+8-b631.16, mixed mode, sharing, tiered, compressed oops, compressed class ptrs, g1 gc, windows-amd64)
# No core dump will be written. Minidumps are not enabled by default on client versions of Windows
#

---------------  S U M M A R Y ------------

Command Line: git4idea.http.GitAskPassApp Username for 'https://github.com': 

Host: AMD Ryzen 7 5800H with Radeon Graphics         , 16 cores, 13G,  Windows 10 , 64 bit Build 19041 (10.0.19041.5198)
Time: Mon Dec  2 08:37:11 2024  Windows 10 , 64 bit Build 19041 (10.0.19041.5198) elapsed time: 0.024935 seconds (0d 0h 0m 0s)

---------------  T H R E A D  ---------------

Current thread (0x0000027a6a1437c0):  JavaThread "Unknown thread" [_thread_in_vm, id=83540, stack(0x0000007e93400000,0x0000007e93500000) (1024K)]

Stack: [0x0000007e93400000,0x0000007e93500000]
Native frames: (J=compiled Java code, j=interpreted, Vv=VM code, C=native code)
V  [jvm.dll+0x6e52b9]
V  [jvm.dll+0x8c3633]
V  [jvm.dll+0x8c5b8e]
V  [jvm.dll+0x8c6273]
V  [jvm.dll+0x288f46]
V  [jvm.dll+0x6e1a35]
V  [jvm.dll+0x6d5e3a]
V  [jvm.dll+0x3634bb]
V  [jvm.dll+0x36b086]
V  [jvm.dll+0x3bd346]
V  [jvm.dll+0x3bd618]
V  [jvm.dll+0x335c2c]
V  [jvm.dll+0x33691b]
V  [jvm.dll+0x88aa89]
V  [jvm.dll+0x3ca518]
V  [jvm.dll+0x873b98]
V  [jvm.dll+0x45eede]
V  [jvm.dll+0x460bc1]
C  [jli.dll+0x52ab]
C  [ucrtbase.dll+0x21bb2]
C  [KERNEL32.DLL+0x17374]
C  [ntdll.dll+0x4cc91]


---------------  P R O C E S S  ---------------

Threads class SMR info:
_java_thread_list=0x00007ffbae7ea148, length=0, elements={
}

Java Threads: ( => current thread )
Total: 0

Other Threads:
  0x0000027a6a19acc0 WorkerThread "GC Thread#0"                     [id=81756, stack(0x0000007e93500000,0x0000007e93600000) (1024K)]
  0x0000027a6a1a9c10 ConcurrentGCThread "G1 Main Marker"            [id=82604, stack(0x0000007e93600000,0x0000007e93700000) (1024K)]
  0x0000027a6a1aaeb0 WorkerThread "G1 Conc#0"                       [id=81312, stack(0x0000007e93700000,0x0000007e93800000) (1024K)]

[error occurred during error reporting (printing all threads), id 0xc0000005, EXCEPTION_ACCESS_VIOLATION (0xc0000005) at pc=0x00007ffbaded8ce7]
VM state: not at safepoint (not fully initialized)

VM Mutex/Monitor currently owned by a thread:  ([mutex/lock_event])
[0x00007ffbae85eb30] Heap_lock - owner thread: 0x0000027a6a1437c0

Heap address: 0x0000000722400000, size: 3548 MB, Compressed Oops mode: Zero based, Oop shift amount: 3

CDS archive(s) mapped at: [0x0000000000000000-0x0000000000000000-0x0000000000000000), size 0, SharedBaseAddress: 0x0000000800000000, ArchiveRelocationMode: 1.
Narrow klass base: 0x0000000000000000, Narrow klass shift: 0, Narrow klass range: 0x0

GC Precious Log:
 CardTable entry size: 512
 Card Set container configuration: InlinePtr #cards 4 size 8 Array Of Cards #cards 16 size 48 Howl #buckets 8 coarsen threshold 3686 Howl Bitmap #cards 512 size 80 coarsen threshold 460 Card regions per heap region 1 cards per card region 4096

Heap:
 garbage-first heap   total 0K, used 0K [0x0000000722400000, 0x0000000800000000)
  region size 2048K, 0 young (0K), 0 survivors (0K)
 Metaspace       used 0K, committed 0K, reserved 0K
  class space    used 0K, committed 0K, reserved 0K

Heap Regions: E=young(eden), S=young(survivor), O=old, HS=humongous(starts), HC=humongous(continues), CS=collection set, F=free, TAMS=top-at-mark-start, PB=parsable bottom

Card table byte_map: [0x0000027a7e060000,0x0000027a7e750000] _byte_map_base: 0x0000027a7a74e000

Marking Bits: (CMBitMap*) 0x0000027a6a19b3c0
 Bits: [0x0000027a00000000, 0x0000027a03770000)

GC Heap History (0 events):
No events

Dll operation events (1 events):
Event: 0.010 Loaded shared library C:\Program Files\JetBrains\PyCharm 2024.3\jbr\bin\java.dll

Deoptimization events (0 events):
No events

Classes loaded (0 events):
No events

Classes unloaded (0 events):
No events

Classes redefined (0 events):
No events

Internal exceptions (0 events):
No events

ZGC Phase Switch (0 events):
No events

VM Operations (0 events):
No events

Memory protections (0 events):
No events

Nmethod flushes (0 events):
No events

Events (0 events):
No events


Dynamic libraries:
0x00007ff605c50000 - 0x00007ff605c5a000 	C:\Program Files\JetBrains\PyCharm 2024.3\jbr\bin\java.exe
0x00007ffc99d70000 - 0x00007ffc99f68000 	C:\Windows\SYSTEM32\ntdll.dll
0x00007ffc98c70000 - 0x00007ffc98d32000 	C:\Windows\System32\KERNEL32.DLL
0x00007ffc97a40000 - 0x00007ffc97d3e000 	C:\Windows\System32\KERNELBASE.dll
0x00007ffc97880000 - 0x00007ffc97980000 	C:\Windows\System32\ucrtbase.dll
0x00007ffbfecd0000 - 0x00007ffbfece8000 	C:\Program Files\JetBrains\PyCharm 2024.3\jbr\bin\jli.dll
0x00007ffc87ed0000 - 0x00007ffc87eeb000 	C:\Program Files\JetBrains\PyCharm 2024.3\jbr\bin\VCRUNTIME140.dll
0x00007ffc98780000 - 0x00007ffc9891d000 	C:\Windows\System32\USER32.dll
0x00007ffc97a10000 - 0x00007ffc97a32000 	C:\Windows\System32\win32u.dll
0x00007ffc99d00000 - 0x00007ffc99d2b000 	C:\Windows\System32\GDI32.dll
0x00007ffc976f0000 - 0x00007ffc97807000 	C:\Windows\System32\gdi32full.dll
0x00007ffc974f0000 - 0x00007ffc9758d000 	C:\Windows\System32\msvcp_win.dll
0x00007ffc87440000 - 0x00007ffc876da000 	C:\Windows\WinSxS\amd64_microsoft.windows.common-controls_6595b64144ccf1df_6.0.19041.4355_none_60b8b9eb71f62e16\COMCTL32.dll
0x00007ffc99c60000 - 0x00007ffc99cfe000 	C:\Windows\System32\msvcrt.dll
0x00007ffc98aa0000 - 0x00007ffc98acf000 	C:\Windows\System32\IMM32.DLL
0x00007ffc7e160000 - 0x00007ffc7e16c000 	C:\Program Files\JetBrains\PyCharm 2024.3\jbr\bin\vcruntime140_1.dll
0x00007ffb85f40000 - 0x00007ffb85fcd000 	C:\Program Files\JetBrains\PyCharm 2024.3\jbr\bin\msvcp140.dll
0x00007ffbadb90000 - 0x00007ffbae951000 	C:\Program Files\JetBrains\PyCharm 2024.3\jbr\bin\server\jvm.dll
0x00007ffc982e0000 - 0x00007ffc98391000 	C:\Windows\System32\ADVAPI32.dll
0x00007ffc98600000 - 0x00007ffc9869f000 	C:\Windows\System32\sechost.dll
0x00007ffc984d0000 - 0x00007ffc985f3000 	C:\Windows\System32\RPCRT4.dll
0x00007ffc97410000 - 0x00007ffc97437000 	C:\Windows\System32\bcrypt.dll
0x00007ffc98ef0000 - 0x00007ffc98f5b000 	C:\Windows\System32\WS2_32.dll
0x00007ffc97270000 - 0x00007ffc972bb000 	C:\Windows\SYSTEM32\POWRPROF.dll
0x00007ffc8a190000 - 0x00007ffc8a1b7000 	C:\Windows\SYSTEM32\WINMM.dll
0x00007ffc8d9a0000 - 0x00007ffc8d9aa000 	C:\Windows\SYSTEM32\VERSION.dll
0x00007ffc97250000 - 0x00007ffc97262000 	C:\Windows\SYSTEM32\UMPDC.dll
0x00007ffc95bf0000 - 0x00007ffc95c02000 	C:\Windows\SYSTEM32\kernel.appcore.dll
0x00007ffc77250000 - 0x00007ffc7725a000 	C:\Program Files\JetBrains\PyCharm 2024.3\jbr\bin\jimage.dll
0x00007ffc95750000 - 0x00007ffc95934000 	C:\Windows\SYSTEM32\DBGHELP.DLL
0x00007ffc83c90000 - 0x00007ffc83cc4000 	C:\Windows\SYSTEM32\dbgcore.DLL
0x00007ffc97980000 - 0x00007ffc97a02000 	C:\Windows\System32\bcryptPrimitives.dll
0x00007ffc71f80000 - 0x00007ffc71fa0000 	C:\Program Files\JetBrains\PyCharm 2024.3\jbr\bin\java.dll

dbghelp: loaded successfully - version: 4.0.5 - missing functions: none
symbol engine: initialized successfully - sym options: 0x614 - pdb path: .;C:\Program Files\JetBrains\PyCharm 2024.3\jbr\bin;C:\Windows\SYSTEM32;C:\Windows\WinSxS\amd64_microsoft.windows.common-controls_6595b64144ccf1df_6.0.19041.4355_none_60b8b9eb71f62e16;C:\Program Files\JetBrains\PyCharm 2024.3\jbr\bin\server

VM Arguments:
java_command: git4idea.http.GitAskPassApp Username for 'https://github.com': 
java_class_path (initial): C:/Program Files/JetBrains/PyCharm 2024.3/plugins/vcs-git/lib/git4idea-rt.jar;C:/Program Files/JetBrains/PyCharm 2024.3/lib/externalProcess-rt.jar
Launcher Type: SUN_STANDARD

[Global flags]
     intx CICompilerCount                          = 12                                        {product} {ergonomic}
     uint ConcGCThreads                            = 3                                         {product} {ergonomic}
     uint G1ConcRefinementThreads                  = 13                                        {product} {ergonomic}
   size_t G1HeapRegionSize                         = 2097152                                   {product} {ergonomic}
    uintx GCDrainStackTargetSize                   = 64                                        {product} {ergonomic}
   size_t InitialHeapSize                          = 232783872                                 {product} {ergonomic}
   size_t MarkStackSize                            = 4194304                                   {product} {ergonomic}
   size_t MaxHeapSize                              = 3720347648                                {product} {ergonomic}
   size_t MinHeapDeltaBytes                        = 2097152                                   {product} {ergonomic}
   size_t MinHeapSize                              = 8388608                                   {product} {ergonomic}
    uintx NonNMethodCodeHeapSize                   = 7602480                                {pd product} {ergonomic}
    uintx NonProfiledCodeHeapSize                  = 122027880                              {pd product} {ergonomic}
    uintx ProfiledCodeHeapSize                     = 122027880                              {pd product} {ergonomic}
    uintx ReservedCodeCacheSize                    = 251658240                              {pd product} {ergonomic}
     bool SegmentedCodeCache                       = true                                      {product} {ergonomic}
   size_t SoftMaxHeapSize                          = 3720347648                             {manageable} {ergonomic}
     bool UseCompressedOops                        = true                           {product lp64_product} {ergonomic}
     bool UseG1GC                                  = true                                      {product} {ergonomic}
     bool UseLargePagesIndividualAllocation        = false                                  {pd product} {ergonomic}

Logging:
Log output configuration:
 #0: stdout all=warning uptime,level,tags foldmultilines=false
 #1: stderr all=off uptime,level,tags foldmultilines=false

Environment Variables:
PATH=C:\Program Files\Git\mingw64\libexec\git-core;C:\Program Files\Git\mingw64\libexec\git-core;C:\Program Files\Git\mingw64\bin;C:\Program Files\Git\usr\bin;C:\Users\CKH-Pro16\bin;C:\Program Files (x86)\VMware\VMware Workstation\bin;C:\Program Files\Common Files\Oracle\Java\javapath;C:\Windows\system32;C:\Windows;C:\Windows\System32\Wbem;C:\Windows\System32\WindowsPowerShell\v1.0;C:\Windows\System32\OpenSSH;C:\Program Files\nodejs;D:\Program Files\MATLAB\R2024a\runtime\win64;D:\Program Files\MATLAB\R2024a\bin;C:\Program Files\Git\cmd;C:\Users\CKH-Pro16\AppData\Local\Programs\Python\Python312\Scripts;C:\Users\CKH-Pro16\AppData\Local\Programs\Python\Python312;C:\Program Files (x86)\Windows Kits\10\Windows Performance Toolkit;C:\Users\CKH-Pro16\anaconda3;C:\Users\CKH-Pro16\anaconda3\Scripts;C:\Users\CKH-Pro16\anaconda3\Library\mingw-w64\bin;C:\Users\CKH-Pro16\anaconda3\Library\bin;C:\Program Files (x86)\PDFtk Server\bin;C:\Program Files\Docker\Docker\resources\bin;C:\Users\CKH-Pro16\AppData\Local\Programs\Python\Python312\Scripts;C:\Users\CKH-Pro16\AppData\Local\Programs\Python\Python312;C:\Users\CKH-Pro16\AppData\Local\Microsoft\WindowsApps;C:\Program Files\JetBrains\IntelliJ IDEA 2024.3\bin;C:\Program Files\JetBrains\PyCharm 2024.3\bin;C:\Program Files\JetBrains\WebStorm 2024.3\bin;C:\Users\CKH-Pro16\AppData\Local\Programs\Microsoft VS Code\bin;C:\Users\CKH-Pro16\AppData\Roaming\npm
USERNAME=CKH-Pro16
DISPLAY=:0.0
LC_ALL=en_US.UTF-8
TERM=xterm-256color
TMPDIR=C:\Users\CKH-PR~1\AppData\Local\Temp
OS=Windows_NT
PROCESSOR_IDENTIFIER=AMD64 Family 25 Model 80 Stepping 0, AuthenticAMD
TMP=C:\Users\CKH-PR~1\AppData\Local\Temp
TEMP=C:\Users\CKH-PR~1\AppData\Local\Temp




Periodic native trim disabled

JNI global refs:
JNI global refs: 0, weak refs: 0

JNI global refs memory usage: 0, weak refs: 0

Process memory usage:
Resident Set Size: 11624K (0% of 14528572K total physical memory with 433156K free physical memory)

OOME stack traces (most recent first):
Classloader memory used:

---------------  S Y S T E M  ---------------

OS:
 Windows 10 , 64 bit Build 19041 (10.0.19041.5198)
OS uptime: 3 days 9:42 hours
Hyper-V role detected

CPU: total 16 (initial active 16) (16 cores per cpu, 2 threads per core) family 25 model 80 stepping 0 microcode 0x0, cx8, cmov, fxsr, ht, mmx, 3dnowpref, sse, sse2, sse3, ssse3, sse4a, sse4.1, sse4.2, popcnt, lzcnt, tsc, tscinvbit, avx, avx2, aes, erms, clmul, bmi1, bmi2, adx, sha, fma, vzeroupper, clflush, clflushopt, hv, rdtscp, rdpid, fsrm, f16c, cet_ss
Processor Information for all 16 processors :
  Max Mhz: 3201, Current Mhz: 3201, Mhz Limit: 3201

Memory: 4k page, system-wide physical 14188M (423M free)
TotalPageFile size 52588M (AvailPageFile size 221M)
current process WorkingSet (physical memory assigned to process): 11M, peak: 11M
current process commit charge ("private bytes"): 70M, peak: 292M

vm_info: OpenJDK 64-Bit Server VM (21.0.5+8-b631.16) for windows-amd64 JRE (21.0.5+8-b631.16), built on 2024-11-02 by "builduser" with MS VC++ 16.10 / 16.11 (VS2019)

END.
