#
# There is insufficient memory for the Java Runtime Environment to continue.
# Native memory allocation (mmap) failed to map 65536 bytes. Error detail: Failed to commit metaspace.
# Possible reasons:
#   The system is out of physical RAM or swap space
#   This process is running with CompressedOops enabled, and the Java Heap may be blocking the growth of the native heap
# Possible solutions:
#   Reduce memory load on the system
#   Increase physical memory or swap space
#   Check if swap backing store is full
#   Decrease Java heap size (-Xmx/-Xms)
#   Decrease number of Java threads
#   Decrease Java thread stack sizes (-Xss)
#   Set larger code cache with -XX:ReservedCodeCacheSize=
#   JVM is running with Zero Based Compressed Oops mode in which the Java heap is
#     placed in the first 32GB address space. The Java Heap base address is the
#     maximum limit for the native heap growth. Please use -XX:HeapBaseMinAddress
#     to set the Java Heap base and to place the Java Heap above 32GB virtual address.
# This output file may be truncated or incomplete.
#
#  Out of Memory Error (virtualSpaceNode.cpp:113), pid=84904, tid=86052
#
# JRE version: OpenJDK Runtime Environment JBR-21.0.5+8-631.16-jcef (21.0.5+8) (build 21.0.5+8-b631.16)
# Java VM: OpenJDK 64-Bit Server VM JBR-21.0.5+8-631.16-jcef (21.0.5+8-b631.16, mixed mode, sharing, tiered, compressed oops, compressed class ptrs, g1 gc, windows-amd64)
# No core dump will be written. Minidumps are not enabled by default on client versions of Windows
#

---------------  S U M M A R Y ------------

Command Line: git4idea.http.GitAskPassApp Password for 'https://CKHgitDLI@github.com': 

Host: AMD Ryzen 7 5800H with Radeon Graphics         , 16 cores, 13G,  Windows 10 , 64 bit Build 19041 (10.0.19041.5198)
Time: Mon Dec  2 08:57:15 2024  Windows 10 , 64 bit Build 19041 (10.0.19041.5198) elapsed time: 0.441129 seconds (0d 0h 0m 0s)

---------------  T H R E A D  ---------------

Current thread (0x000002587e255540):  JavaThread "HttpClient-1-Worker-0" daemon [_thread_in_vm, id=86052, stack(0x000000f812f00000,0x000000f813000000) (1024K)]

Stack: [0x000000f812f00000,0x000000f813000000]
Native frames: (J=compiled Java code, j=interpreted, Vv=VM code, C=native code)
V  [jvm.dll+0x6e52b9]
V  [jvm.dll+0x8c3633]
V  [jvm.dll+0x8c5b8e]
V  [jvm.dll+0x8c6273]
V  [jvm.dll+0x288f46]
V  [jvm.dll+0x8be47e]
V  [jvm.dll+0x686805]
V  [jvm.dll+0x1eac91]
V  [jvm.dll+0x1eaa5e]
V  [jvm.dll+0x689118]
V  [jvm.dll+0x688f52]
V  [jvm.dll+0x6871be]
V  [jvm.dll+0x273a20]
V  [jvm.dll+0x21dcab]
V  [jvm.dll+0x213199]
V  [jvm.dll+0x5c4333]
V  [jvm.dll+0x224bdb]
V  [jvm.dll+0x83a43c]
V  [jvm.dll+0x83b4e2]
V  [jvm.dll+0x83baa4]
V  [jvm.dll+0x83b738]
V  [jvm.dll+0x27607b]
V  [jvm.dll+0x3e378e]
C  0x000002582ca6a994

The last pc belongs to new (printed below).
Java frames: (J=compiled Java code, j=interpreted, Vv=VM code)
j  sun.security.x509.CertificateExtensions.init(Lsun/security/util/DerInputStream;)V+14 java.base@21.0.5
j  sun.security.x509.CertificateExtensions.<init>(Lsun/security/util/DerInputStream;)V+25 java.base@21.0.5
j  sun.security.x509.X509CertInfo.parse(Lsun/security/util/DerValue;)V+335 java.base@21.0.5
j  sun.security.x509.X509CertInfo.<init>(Lsun/security/util/DerValue;)V+67 java.base@21.0.5
j  sun.security.x509.X509CertImpl.parse(Lsun/security/util/DerValue;)V+210 java.base@21.0.5
j  sun.security.x509.X509CertImpl.<init>([B)V+45 java.base@21.0.5
j  sun.security.provider.X509Factory.cachedGetX509Cert([B)Lsun/security/x509/X509CertImpl;+22 java.base@21.0.5
j  sun.security.provider.X509Factory.engineGenerateCertificate(Ljava/io/InputStream;)Ljava/security/cert/Certificate;+33 java.base@21.0.5
j  java.security.cert.CertificateFactory.generateCertificate(Ljava/io/InputStream;)Ljava/security/cert/Certificate;+5 java.base@21.0.5
j  sun.security.ssl.CertificateMessage$T13CertificateConsumer.checkServerCerts(Lsun/security/ssl/ClientHandshakeContext;Ljava/util/List;)[Ljava/security/cert/X509Certificate;+68 java.base@21.0.5
j  sun.security.ssl.CertificateMessage$T13CertificateConsumer.onConsumeCertificate(Lsun/security/ssl/ClientHandshakeContext;Lsun/security/ssl/CertificateMessage$T13CertificateMessage;)V+94 java.base@21.0.5
j  sun.security.ssl.CertificateMessage$T13CertificateConsumer.consume(Lsun/security/ssl/ConnectionContext;Ljava/nio/ByteBuffer;)V+78 java.base@21.0.5
j  sun.security.ssl.SSLHandshake.consume(Lsun/security/ssl/ConnectionContext;Ljava/nio/ByteBuffer;)V+13 java.base@21.0.5
j  sun.security.ssl.HandshakeContext.dispatch(BLjava/nio/ByteBuffer;)V+90 java.base@21.0.5
j  sun.security.ssl.SSLEngineImpl$DelegatedTask$DelegatedAction.run()Ljava/lang/Void;+60 java.base@21.0.5
j  sun.security.ssl.SSLEngineImpl$DelegatedTask$DelegatedAction.run()Ljava/lang/Object;+1 java.base@21.0.5
j  java.security.AccessController.executePrivileged(Ljava/security/PrivilegedExceptionAction;Ljava/security/AccessControlContext;Ljava/lang/Class;)Ljava/lang/Object;+29 java.base@21.0.5
j  java.security.AccessController.doPrivileged(Ljava/security/PrivilegedExceptionAction;Ljava/security/AccessControlContext;)Ljava/lang/Object;+13 java.base@21.0.5
j  sun.security.ssl.SSLEngineImpl$DelegatedTask.run()V+66 java.base@21.0.5
j  jdk.internal.net.http.common.SSLFlowDelegate$$Lambda+0x000002583e1008e8.accept(Ljava/lang/Object;)V+4 java.net.http@21.0.5
j  java.util.ArrayList.forEach(Ljava/util/function/Consumer;)V+46 java.base@21.0.5
j  jdk.internal.net.http.common.SSLFlowDelegate.lambda$executeTasks$3(Ljava/util/List;)V+40 java.net.http@21.0.5
j  jdk.internal.net.http.common.SSLFlowDelegate$$Lambda+0x000002583e1006b0.run()V+8 java.net.http@21.0.5
j  jdk.internal.net.http.HttpClientImpl$DelegatingExecutor.execute(Ljava/lang/Runnable;)V+21 java.net.http@21.0.5
j  jdk.internal.net.http.common.SSLFlowDelegate.executeTasks(Ljava/util/List;)V+11 java.net.http@21.0.5
j  jdk.internal.net.http.common.SSLFlowDelegate.doHandshake(Ljdk/internal/net/http/common/SSLFlowDelegate$EngineResult;I)Z+154 java.net.http@21.0.5
j  jdk.internal.net.http.common.SSLFlowDelegate$Reader.processData()V+593 java.net.http@21.0.5
j  jdk.internal.net.http.common.SSLFlowDelegate$Reader$ReaderDownstreamPusher.run()V+4 java.net.http@21.0.5
j  jdk.internal.net.http.common.SequentialScheduler$LockingRestartableTask.run()V+34 java.net.http@21.0.5
j  jdk.internal.net.http.common.SequentialScheduler$CompleteRestartableTask.run(Ljdk/internal/net/http/common/SequentialScheduler$DeferredCompleter;)V+1 java.net.http@21.0.5
j  jdk.internal.net.http.common.SequentialScheduler$TryEndDeferredCompleter.complete()V+162 java.net.http@21.0.5
j  jdk.internal.net.http.common.SequentialScheduler$CompleteRestartableTask.run(Ljdk/internal/net/http/common/SequentialScheduler$DeferredCompleter;)V+5 java.net.http@21.0.5
j  jdk.internal.net.http.common.SequentialScheduler$SchedulableTask.run()V+14 java.net.http@21.0.5
j  java.util.concurrent.ThreadPoolExecutor.runWorker(Ljava/util/concurrent/ThreadPoolExecutor$Worker;)V+92 java.base@21.0.5
j  java.util.concurrent.ThreadPoolExecutor$Worker.run()V+5 java.base@21.0.5
j  java.lang.Thread.runWith(Ljava/lang/Object;Ljava/lang/Runnable;)V+5 java.base@21.0.5
j  java.lang.Thread.run()V+19 java.base@21.0.5
v  ~StubRoutines::call_stub 0x000002582ca5100d
new  187 new  [0x000002582ca6a800, 0x000002582ca6aa08]  520 bytes
[MachCode]
  0x000002582ca6a800: 4883 ec08 | c5fa 1104 | 24eb 1f48 | 83ec 10c5 | fb11 0424 | eb14 4883 | ec10 4889 | 0424 48c7 
  0x000002582ca6a820: 4424 0800 | 0000 00eb | 0150 410f | b755 010f | cac1 ea10 | 488b 4de8 | 488b 4908 | 488b 4908 
  0x000002582ca6a840: 488b 4108 | 807c 1004 | 070f 85d3 | 0000 0066 | 8b54 d148 | 488b 4928 | 488b 4cd1 | 0851 80b9 
  0x000002582ca6a860: 4101 0000 | 040f 85b6 | 0000 008b | 5108 f6c2 | 010f 85aa | 0000 0049 | 8b87 b801 | 0000 488d 
  0x000002582ca6a880: 1c10 493b | 9fc8 0100 | 000f 8792 | 0000 0049 | 899f b801 | 0000 4883 | ea10 0f84 | 0f00 0000 
  0x000002582ca6a8a0: 33c9 c1ea | 0348 894c | d008 48ff | ca75 f648 | c700 0100 | 0000 5933 | f689 700c | 49ba 0000 
  0x000002582ca6a8c0: 003d 5802 | 0000 492b | ca89 4808 | 49ba f75d | 84ae fb7f | 0000 4180 | 3a00 0f84 | 3c00 0000 
  0x000002582ca6a8e0: 5048 8bc8 | 4883 ec20 | 40f6 c40f | 0f84 1900 | 0000 4883 | ec08 48b8 | a0c7 2dae | fb7f 0000 
  0x000002582ca6a900: ffd0 4883 | c408 e90c | 0000 0048 | b8a0 c72d | aefb 7f00 | 00ff d048 | 83c4 2058 | e9cb 0000 
  0x000002582ca6a920: 0059 488b | 55e8 488b | 5208 488b | 5208 450f | b745 0141 | 0fc8 41c1 | e810 e805 | 0000 00e9 
  0x000002582ca6a940: a800 0000 | 488d 4424 | 084c 896d | c049 8bcf | c5f8 7749 | 89af a803 | 0000 4989 | 8798 0300 
  0x000002582ca6a960: 0048 83ec | 2040 f6c4 | 0f0f 8419 | 0000 0048 | 83ec 0848 | b840 37f7 | adfb 7f00 | 00ff d048 
  0x000002582ca6a980: 83c4 08e9 | 0c00 0000 | 48b8 4037 | f7ad fb7f | 0000 ffd0 | 4883 c420 | 49c7 8798 | 0300 0000 
  0x000002582ca6a9a0: 0000 0049 | c787 a803 | 0000 0000 | 0000 49c7 | 87a0 0300 | 0000 0000 | 00c5 f877 | 4983 7f08 
  0x000002582ca6a9c0: 000f 8405 | 0000 00e9 | 3465 feff | 498b 87f0 | 0300 0049 | c787 f003 | 0000 0000 | 0000 4c8b 
  0x000002582ca6a9e0: 6dc0 4c8b | 75c8 4e8d | 74f5 00c3 | 410f b65d | 0349 83c5 | 0349 bac0 | 2887 aefb | 7f00 0041 
  0x000002582ca6aa00: ff24 da0f | 1f44 0000 
[/MachCode]

---------------  P R O C E S S  ---------------

Threads class SMR info:
_java_thread_list=0x000002587e1b6000, length=17, elements={
0x000002581f452890, 0x000002583c38aa00, 0x000002583c38b810, 0x000002583c38da80,
0x000002583c3904e0, 0x000002583c391340, 0x000002583c3920f0, 0x000002583c3974a0,
0x000002583c39c760, 0x000002583c3be470, 0x000002583c6810c0, 0x000002583c684900,
0x000002583c7f2e90, 0x000002583c7f3940, 0x000002587e131570, 0x000002587e255540,
0x000002587e23a8d0
}

Java Threads: ( => current thread )
  0x000002581f452890 JavaThread "main"                              [_thread_blocked, id=86756, stack(0x000000f811800000,0x000000f811900000) (1024K)]
  0x000002583c38aa00 JavaThread "Reference Handler"          daemon [_thread_blocked, id=86212, stack(0x000000f812000000,0x000000f812100000) (1024K)]
  0x000002583c38b810 JavaThread "Finalizer"                  daemon [_thread_blocked, id=85552, stack(0x000000f812100000,0x000000f812200000) (1024K)]
  0x000002583c38da80 JavaThread "Signal Dispatcher"          daemon [_thread_blocked, id=85408, stack(0x000000f812200000,0x000000f812300000) (1024K)]
  0x000002583c3904e0 JavaThread "Attach Listener"            daemon [_thread_blocked, id=57396, stack(0x000000f812300000,0x000000f812400000) (1024K)]
  0x000002583c391340 JavaThread "Service Thread"             daemon [_thread_blocked, id=84024, stack(0x000000f812400000,0x000000f812500000) (1024K)]
  0x000002583c3920f0 JavaThread "Monitor Deflation Thread"   daemon [_thread_blocked, id=44260, stack(0x000000f812500000,0x000000f812600000) (1024K)]
  0x000002583c3974a0 JavaThread "C2 CompilerThread0"         daemon [_thread_blocked, id=83592, stack(0x000000f812600000,0x000000f812700000) (1024K)]
  0x000002583c39c760 JavaThread "C1 CompilerThread0"         daemon [_thread_blocked, id=57068, stack(0x000000f812700000,0x000000f812800000) (1024K)]
  0x000002583c3be470 JavaThread "C1 CompilerThread1"         daemon [_thread_blocked, id=83020, stack(0x000000f812800000,0x000000f812900000) (1024K)]
  0x000002583c6810c0 JavaThread "Notification Thread"        daemon [_thread_blocked, id=84936, stack(0x000000f812900000,0x000000f812a00000) (1024K)]
  0x000002583c684900 JavaThread "Common-Cleaner"             daemon [_thread_blocked, id=57352, stack(0x000000f812a00000,0x000000f812b00000) (1024K)]
  0x000002583c7f2e90 JavaThread "C1 CompilerThread2"         daemon [_thread_blocked, id=82760, stack(0x000000f812b00000,0x000000f812c00000) (1024K)]
  0x000002583c7f3940 JavaThread "C2 CompilerThread1"         daemon [_thread_in_native, id=86272, stack(0x000000f812c00000,0x000000f812d00000) (1024K)]
  0x000002587e131570 JavaThread "HttpClient-1-SelectorManager" daemon [_thread_in_native, id=75416, stack(0x000000f812d00000,0x000000f812e00000) (1024K)]
=>0x000002587e255540 JavaThread "HttpClient-1-Worker-0"      daemon [_thread_in_vm, id=86052, stack(0x000000f812f00000,0x000000f813000000) (1024K)]
  0x000002587e23a8d0 JavaThread "HttpClient-1-Worker-1"      daemon [_thread_blocked, id=86000, stack(0x000000f813000000,0x000000f813100000) (1024K)]
Total: 17

Other Threads:
  0x000002583c36cc10 VMThread "VM Thread"                           [id=82604, stack(0x000000f811f00000,0x000000f812000000) (1024K)]
  0x000002583c35b8c0 WatcherThread "VM Periodic Task Thread"        [id=83248, stack(0x000000f811e00000,0x000000f811f00000) (1024K)]
  0x00000258216bd330 WorkerThread "GC Thread#0"                     [id=86216, stack(0x000000f811900000,0x000000f811a00000) (1024K)]
  0x00000258216cd1a0 ConcurrentGCThread "G1 Main Marker"            [id=75944, stack(0x000000f811a00000,0x000000f811b00000) (1024K)]
  0x00000258216cdbb0 WorkerThread "G1 Conc#0"                       [id=85184, stack(0x000000f811b00000,0x000000f811c00000) (1024K)]
  0x000002583c22b4a0 ConcurrentGCThread "G1 Refine#0"               [id=72048, stack(0x000000f811c00000,0x000000f811d00000) (1024K)]
  0x000002583c22be20 ConcurrentGCThread "G1 Service"                [id=87012, stack(0x000000f811d00000,0x000000f811e00000) (1024K)]
Total: 7

Threads with active compile tasks:
C2 CompilerThread1  468 1195       4       sun.security.ec.ECOperations::setDouble (463 bytes)
Total: 1

VM state: not at safepoint (normal execution)

VM Mutex/Monitor currently owned by a thread:  ([mutex/lock_event])
[0x00007ffbae85c830] Metaspace_lock - owner thread: 0x000002587e255540

Heap address: 0x0000000722400000, size: 3548 MB, Compressed Oops mode: Zero based, Oop shift amount: 3

CDS archive(s) mapped at: [0x000002583d000000-0x000002583dd00000-0x000002583dd00000), size 13631488, SharedBaseAddress: 0x000002583d000000, ArchiveRelocationMode: 1.
Compressed class space mapped at: 0x000002583e000000-0x000002587e000000, reserved size: 1073741824
Narrow klass base: 0x000002583d000000, Narrow klass shift: 0, Narrow klass range: 0x100000000

GC Precious Log:
 CardTable entry size: 512
 Card Set container configuration: InlinePtr #cards 4 size 8 Array Of Cards #cards 16 size 48 Howl #buckets 8 coarsen threshold 3686 Howl Bitmap #cards 512 size 80 coarsen threshold 460 Card regions per heap region 1 cards per card region 4096
 CPUs: 16 total, 16 available
 Memory: 14188M
 Large Page Support: Disabled
 NUMA Support: Disabled
 Compressed Oops: Enabled (Zero based)
 Heap Region Size: 2M
 Heap Min Capacity: 8M
 Heap Initial Capacity: 222M
 Heap Max Capacity: 3548M
 Pre-touch: Disabled
 Parallel Workers: 13
 Concurrent Workers: 3
 Concurrent Refinement Workers: 13
 Periodic GC: Disabled

Heap:
 garbage-first heap   total 227328K, used 14336K [0x0000000722400000, 0x0000000800000000)
  region size 2048K, 9 young (18432K), 0 survivors (0K)
 Metaspace       used 8703K, committed 8960K, reserved 1114112K
  class space    used 990K, committed 1152K, reserved 1048576K

Heap Regions: E=young(eden), S=young(survivor), O=old, HS=humongous(starts), HC=humongous(continues), CS=collection set, F=free, TAMS=top-at-mark-start, PB=parsable bottom
|   0|0x0000000722400000, 0x0000000722400000, 0x0000000722600000|  0%| F|  |TAMS 0x0000000722400000| PB 0x0000000722400000| Untracked 
|   1|0x0000000722600000, 0x0000000722600000, 0x0000000722800000|  0%| F|  |TAMS 0x0000000722600000| PB 0x0000000722600000| Untracked 
|   2|0x0000000722800000, 0x0000000722800000, 0x0000000722a00000|  0%| F|  |TAMS 0x0000000722800000| PB 0x0000000722800000| Untracked 
|   3|0x0000000722a00000, 0x0000000722a00000, 0x0000000722c00000|  0%| F|  |TAMS 0x0000000722a00000| PB 0x0000000722a00000| Untracked 
|   4|0x0000000722c00000, 0x0000000722c00000, 0x0000000722e00000|  0%| F|  |TAMS 0x0000000722c00000| PB 0x0000000722c00000| Untracked 
|   5|0x0000000722e00000, 0x0000000722e00000, 0x0000000723000000|  0%| F|  |TAMS 0x0000000722e00000| PB 0x0000000722e00000| Untracked 
|   6|0x0000000723000000, 0x0000000723000000, 0x0000000723200000|  0%| F|  |TAMS 0x0000000723000000| PB 0x0000000723000000| Untracked 
|   7|0x0000000723200000, 0x0000000723200000, 0x0000000723400000|  0%| F|  |TAMS 0x0000000723200000| PB 0x0000000723200000| Untracked 
|   8|0x0000000723400000, 0x0000000723400000, 0x0000000723600000|  0%| F|  |TAMS 0x0000000723400000| PB 0x0000000723400000| Untracked 
|   9|0x0000000723600000, 0x0000000723600000, 0x0000000723800000|  0%| F|  |TAMS 0x0000000723600000| PB 0x0000000723600000| Untracked 
|  10|0x0000000723800000, 0x0000000723800000, 0x0000000723a00000|  0%| F|  |TAMS 0x0000000723800000| PB 0x0000000723800000| Untracked 
|  11|0x0000000723a00000, 0x0000000723a00000, 0x0000000723c00000|  0%| F|  |TAMS 0x0000000723a00000| PB 0x0000000723a00000| Untracked 
|  12|0x0000000723c00000, 0x0000000723c00000, 0x0000000723e00000|  0%| F|  |TAMS 0x0000000723c00000| PB 0x0000000723c00000| Untracked 
|  13|0x0000000723e00000, 0x0000000723e00000, 0x0000000724000000|  0%| F|  |TAMS 0x0000000723e00000| PB 0x0000000723e00000| Untracked 
|  14|0x0000000724000000, 0x0000000724000000, 0x0000000724200000|  0%| F|  |TAMS 0x0000000724000000| PB 0x0000000724000000| Untracked 
|  15|0x0000000724200000, 0x0000000724200000, 0x0000000724400000|  0%| F|  |TAMS 0x0000000724200000| PB 0x0000000724200000| Untracked 
|  16|0x0000000724400000, 0x0000000724400000, 0x0000000724600000|  0%| F|  |TAMS 0x0000000724400000| PB 0x0000000724400000| Untracked 
|  17|0x0000000724600000, 0x0000000724600000, 0x0000000724800000|  0%| F|  |TAMS 0x0000000724600000| PB 0x0000000724600000| Untracked 
|  18|0x0000000724800000, 0x0000000724800000, 0x0000000724a00000|  0%| F|  |TAMS 0x0000000724800000| PB 0x0000000724800000| Untracked 
|  19|0x0000000724a00000, 0x0000000724a00000, 0x0000000724c00000|  0%| F|  |TAMS 0x0000000724a00000| PB 0x0000000724a00000| Untracked 
|  20|0x0000000724c00000, 0x0000000724c00000, 0x0000000724e00000|  0%| F|  |TAMS 0x0000000724c00000| PB 0x0000000724c00000| Untracked 
|  21|0x0000000724e00000, 0x0000000724e00000, 0x0000000725000000|  0%| F|  |TAMS 0x0000000724e00000| PB 0x0000000724e00000| Untracked 
|  22|0x0000000725000000, 0x0000000725000000, 0x0000000725200000|  0%| F|  |TAMS 0x0000000725000000| PB 0x0000000725000000| Untracked 
|  23|0x0000000725200000, 0x0000000725200000, 0x0000000725400000|  0%| F|  |TAMS 0x0000000725200000| PB 0x0000000725200000| Untracked 
|  24|0x0000000725400000, 0x0000000725400000, 0x0000000725600000|  0%| F|  |TAMS 0x0000000725400000| PB 0x0000000725400000| Untracked 
|  25|0x0000000725600000, 0x0000000725600000, 0x0000000725800000|  0%| F|  |TAMS 0x0000000725600000| PB 0x0000000725600000| Untracked 
|  26|0x0000000725800000, 0x0000000725800000, 0x0000000725a00000|  0%| F|  |TAMS 0x0000000725800000| PB 0x0000000725800000| Untracked 
|  27|0x0000000725a00000, 0x0000000725a00000, 0x0000000725c00000|  0%| F|  |TAMS 0x0000000725a00000| PB 0x0000000725a00000| Untracked 
|  28|0x0000000725c00000, 0x0000000725c00000, 0x0000000725e00000|  0%| F|  |TAMS 0x0000000725c00000| PB 0x0000000725c00000| Untracked 
|  29|0x0000000725e00000, 0x0000000725e00000, 0x0000000726000000|  0%| F|  |TAMS 0x0000000725e00000| PB 0x0000000725e00000| Untracked 
|  30|0x0000000726000000, 0x0000000726000000, 0x0000000726200000|  0%| F|  |TAMS 0x0000000726000000| PB 0x0000000726000000| Untracked 
|  31|0x0000000726200000, 0x0000000726200000, 0x0000000726400000|  0%| F|  |TAMS 0x0000000726200000| PB 0x0000000726200000| Untracked 
|  32|0x0000000726400000, 0x0000000726400000, 0x0000000726600000|  0%| F|  |TAMS 0x0000000726400000| PB 0x0000000726400000| Untracked 
|  33|0x0000000726600000, 0x0000000726600000, 0x0000000726800000|  0%| F|  |TAMS 0x0000000726600000| PB 0x0000000726600000| Untracked 
|  34|0x0000000726800000, 0x0000000726800000, 0x0000000726a00000|  0%| F|  |TAMS 0x0000000726800000| PB 0x0000000726800000| Untracked 
|  35|0x0000000726a00000, 0x0000000726a00000, 0x0000000726c00000|  0%| F|  |TAMS 0x0000000726a00000| PB 0x0000000726a00000| Untracked 
|  36|0x0000000726c00000, 0x0000000726c00000, 0x0000000726e00000|  0%| F|  |TAMS 0x0000000726c00000| PB 0x0000000726c00000| Untracked 
|  37|0x0000000726e00000, 0x0000000726e00000, 0x0000000727000000|  0%| F|  |TAMS 0x0000000726e00000| PB 0x0000000726e00000| Untracked 
|  38|0x0000000727000000, 0x0000000727000000, 0x0000000727200000|  0%| F|  |TAMS 0x0000000727000000| PB 0x0000000727000000| Untracked 
|  39|0x0000000727200000, 0x0000000727200000, 0x0000000727400000|  0%| F|  |TAMS 0x0000000727200000| PB 0x0000000727200000| Untracked 
|  40|0x0000000727400000, 0x0000000727400000, 0x0000000727600000|  0%| F|  |TAMS 0x0000000727400000| PB 0x0000000727400000| Untracked 
|  41|0x0000000727600000, 0x0000000727600000, 0x0000000727800000|  0%| F|  |TAMS 0x0000000727600000| PB 0x0000000727600000| Untracked 
|  42|0x0000000727800000, 0x0000000727800000, 0x0000000727a00000|  0%| F|  |TAMS 0x0000000727800000| PB 0x0000000727800000| Untracked 
|  43|0x0000000727a00000, 0x0000000727a00000, 0x0000000727c00000|  0%| F|  |TAMS 0x0000000727a00000| PB 0x0000000727a00000| Untracked 
|  44|0x0000000727c00000, 0x0000000727c00000, 0x0000000727e00000|  0%| F|  |TAMS 0x0000000727c00000| PB 0x0000000727c00000| Untracked 
|  45|0x0000000727e00000, 0x0000000727e00000, 0x0000000728000000|  0%| F|  |TAMS 0x0000000727e00000| PB 0x0000000727e00000| Untracked 
|  46|0x0000000728000000, 0x0000000728000000, 0x0000000728200000|  0%| F|  |TAMS 0x0000000728000000| PB 0x0000000728000000| Untracked 
|  47|0x0000000728200000, 0x0000000728200000, 0x0000000728400000|  0%| F|  |TAMS 0x0000000728200000| PB 0x0000000728200000| Untracked 
|  48|0x0000000728400000, 0x0000000728400000, 0x0000000728600000|  0%| F|  |TAMS 0x0000000728400000| PB 0x0000000728400000| Untracked 
|  49|0x0000000728600000, 0x0000000728600000, 0x0000000728800000|  0%| F|  |TAMS 0x0000000728600000| PB 0x0000000728600000| Untracked 
|  50|0x0000000728800000, 0x0000000728800000, 0x0000000728a00000|  0%| F|  |TAMS 0x0000000728800000| PB 0x0000000728800000| Untracked 
|  51|0x0000000728a00000, 0x0000000728a00000, 0x0000000728c00000|  0%| F|  |TAMS 0x0000000728a00000| PB 0x0000000728a00000| Untracked 
|  52|0x0000000728c00000, 0x0000000728c00000, 0x0000000728e00000|  0%| F|  |TAMS 0x0000000728c00000| PB 0x0000000728c00000| Untracked 
|  53|0x0000000728e00000, 0x0000000728e00000, 0x0000000729000000|  0%| F|  |TAMS 0x0000000728e00000| PB 0x0000000728e00000| Untracked 
|  54|0x0000000729000000, 0x0000000729000000, 0x0000000729200000|  0%| F|  |TAMS 0x0000000729000000| PB 0x0000000729000000| Untracked 
|  55|0x0000000729200000, 0x0000000729200000, 0x0000000729400000|  0%| F|  |TAMS 0x0000000729200000| PB 0x0000000729200000| Untracked 
|  56|0x0000000729400000, 0x0000000729400000, 0x0000000729600000|  0%| F|  |TAMS 0x0000000729400000| PB 0x0000000729400000| Untracked 
|  57|0x0000000729600000, 0x0000000729600000, 0x0000000729800000|  0%| F|  |TAMS 0x0000000729600000| PB 0x0000000729600000| Untracked 
|  58|0x0000000729800000, 0x0000000729800000, 0x0000000729a00000|  0%| F|  |TAMS 0x0000000729800000| PB 0x0000000729800000| Untracked 
|  59|0x0000000729a00000, 0x0000000729a00000, 0x0000000729c00000|  0%| F|  |TAMS 0x0000000729a00000| PB 0x0000000729a00000| Untracked 
|  60|0x0000000729c00000, 0x0000000729c00000, 0x0000000729e00000|  0%| F|  |TAMS 0x0000000729c00000| PB 0x0000000729c00000| Untracked 
|  61|0x0000000729e00000, 0x0000000729e00000, 0x000000072a000000|  0%| F|  |TAMS 0x0000000729e00000| PB 0x0000000729e00000| Untracked 
|  62|0x000000072a000000, 0x000000072a000000, 0x000000072a200000|  0%| F|  |TAMS 0x000000072a000000| PB 0x000000072a000000| Untracked 
|  63|0x000000072a200000, 0x000000072a200000, 0x000000072a400000|  0%| F|  |TAMS 0x000000072a200000| PB 0x000000072a200000| Untracked 
|  64|0x000000072a400000, 0x000000072a400000, 0x000000072a600000|  0%| F|  |TAMS 0x000000072a400000| PB 0x000000072a400000| Untracked 
|  65|0x000000072a600000, 0x000000072a600000, 0x000000072a800000|  0%| F|  |TAMS 0x000000072a600000| PB 0x000000072a600000| Untracked 
|  66|0x000000072a800000, 0x000000072a800000, 0x000000072aa00000|  0%| F|  |TAMS 0x000000072a800000| PB 0x000000072a800000| Untracked 
|  67|0x000000072aa00000, 0x000000072aa00000, 0x000000072ac00000|  0%| F|  |TAMS 0x000000072aa00000| PB 0x000000072aa00000| Untracked 
|  68|0x000000072ac00000, 0x000000072ac00000, 0x000000072ae00000|  0%| F|  |TAMS 0x000000072ac00000| PB 0x000000072ac00000| Untracked 
|  69|0x000000072ae00000, 0x000000072ae00000, 0x000000072b000000|  0%| F|  |TAMS 0x000000072ae00000| PB 0x000000072ae00000| Untracked 
|  70|0x000000072b000000, 0x000000072b000000, 0x000000072b200000|  0%| F|  |TAMS 0x000000072b000000| PB 0x000000072b000000| Untracked 
|  71|0x000000072b200000, 0x000000072b200000, 0x000000072b400000|  0%| F|  |TAMS 0x000000072b200000| PB 0x000000072b200000| Untracked 
|  72|0x000000072b400000, 0x000000072b400000, 0x000000072b600000|  0%| F|  |TAMS 0x000000072b400000| PB 0x000000072b400000| Untracked 
|  73|0x000000072b600000, 0x000000072b600000, 0x000000072b800000|  0%| F|  |TAMS 0x000000072b600000| PB 0x000000072b600000| Untracked 
|  74|0x000000072b800000, 0x000000072b800000, 0x000000072ba00000|  0%| F|  |TAMS 0x000000072b800000| PB 0x000000072b800000| Untracked 
|  75|0x000000072ba00000, 0x000000072ba00000, 0x000000072bc00000|  0%| F|  |TAMS 0x000000072ba00000| PB 0x000000072ba00000| Untracked 
|  76|0x000000072bc00000, 0x000000072bc00000, 0x000000072be00000|  0%| F|  |TAMS 0x000000072bc00000| PB 0x000000072bc00000| Untracked 
|  77|0x000000072be00000, 0x000000072be00000, 0x000000072c000000|  0%| F|  |TAMS 0x000000072be00000| PB 0x000000072be00000| Untracked 
|  78|0x000000072c000000, 0x000000072c000000, 0x000000072c200000|  0%| F|  |TAMS 0x000000072c000000| PB 0x000000072c000000| Untracked 
|  79|0x000000072c200000, 0x000000072c200000, 0x000000072c400000|  0%| F|  |TAMS 0x000000072c200000| PB 0x000000072c200000| Untracked 
|  80|0x000000072c400000, 0x000000072c400000, 0x000000072c600000|  0%| F|  |TAMS 0x000000072c400000| PB 0x000000072c400000| Untracked 
|  81|0x000000072c600000, 0x000000072c600000, 0x000000072c800000|  0%| F|  |TAMS 0x000000072c600000| PB 0x000000072c600000| Untracked 
|  82|0x000000072c800000, 0x000000072c800000, 0x000000072ca00000|  0%| F|  |TAMS 0x000000072c800000| PB 0x000000072c800000| Untracked 
|  83|0x000000072ca00000, 0x000000072ca00000, 0x000000072cc00000|  0%| F|  |TAMS 0x000000072ca00000| PB 0x000000072ca00000| Untracked 
|  84|0x000000072cc00000, 0x000000072cc00000, 0x000000072ce00000|  0%| F|  |TAMS 0x000000072cc00000| PB 0x000000072cc00000| Untracked 
|  85|0x000000072ce00000, 0x000000072ce00000, 0x000000072d000000|  0%| F|  |TAMS 0x000000072ce00000| PB 0x000000072ce00000| Untracked 
|  86|0x000000072d000000, 0x000000072d000000, 0x000000072d200000|  0%| F|  |TAMS 0x000000072d000000| PB 0x000000072d000000| Untracked 
|  87|0x000000072d200000, 0x000000072d200000, 0x000000072d400000|  0%| F|  |TAMS 0x000000072d200000| PB 0x000000072d200000| Untracked 
|  88|0x000000072d400000, 0x000000072d400000, 0x000000072d600000|  0%| F|  |TAMS 0x000000072d400000| PB 0x000000072d400000| Untracked 
|  89|0x000000072d600000, 0x000000072d600000, 0x000000072d800000|  0%| F|  |TAMS 0x000000072d600000| PB 0x000000072d600000| Untracked 
|  90|0x000000072d800000, 0x000000072d800000, 0x000000072da00000|  0%| F|  |TAMS 0x000000072d800000| PB 0x000000072d800000| Untracked 
|  91|0x000000072da00000, 0x000000072da00000, 0x000000072dc00000|  0%| F|  |TAMS 0x000000072da00000| PB 0x000000072da00000| Untracked 
|  92|0x000000072dc00000, 0x000000072dc00000, 0x000000072de00000|  0%| F|  |TAMS 0x000000072dc00000| PB 0x000000072dc00000| Untracked 
|  93|0x000000072de00000, 0x000000072de00000, 0x000000072e000000|  0%| F|  |TAMS 0x000000072de00000| PB 0x000000072de00000| Untracked 
|  94|0x000000072e000000, 0x000000072e000000, 0x000000072e200000|  0%| F|  |TAMS 0x000000072e000000| PB 0x000000072e000000| Untracked 
|  95|0x000000072e200000, 0x000000072e200000, 0x000000072e400000|  0%| F|  |TAMS 0x000000072e200000| PB 0x000000072e200000| Untracked 
|  96|0x000000072e400000, 0x000000072e400000, 0x000000072e600000|  0%| F|  |TAMS 0x000000072e400000| PB 0x000000072e400000| Untracked 
|  97|0x000000072e600000, 0x000000072e600000, 0x000000072e800000|  0%| F|  |TAMS 0x000000072e600000| PB 0x000000072e600000| Untracked 
|  98|0x000000072e800000, 0x000000072e800000, 0x000000072ea00000|  0%| F|  |TAMS 0x000000072e800000| PB 0x000000072e800000| Untracked 
|  99|0x000000072ea00000, 0x000000072ea00000, 0x000000072ec00000|  0%| F|  |TAMS 0x000000072ea00000| PB 0x000000072ea00000| Untracked 
| 100|0x000000072ec00000, 0x000000072ec00000, 0x000000072ee00000|  0%| F|  |TAMS 0x000000072ec00000| PB 0x000000072ec00000| Untracked 
| 101|0x000000072ee00000, 0x000000072ee00000, 0x000000072f000000|  0%| F|  |TAMS 0x000000072ee00000| PB 0x000000072ee00000| Untracked 
| 102|0x000000072f000000, 0x000000072f0e2d40, 0x000000072f200000| 44%| E|  |TAMS 0x000000072f000000| PB 0x000000072f000000| Complete 
| 103|0x000000072f200000, 0x000000072f400000, 0x000000072f400000|100%| E|CS|TAMS 0x000000072f200000| PB 0x000000072f200000| Complete 
| 104|0x000000072f400000, 0x000000072f600000, 0x000000072f600000|100%| E|CS|TAMS 0x000000072f400000| PB 0x000000072f400000| Complete 
| 105|0x000000072f600000, 0x000000072f800000, 0x000000072f800000|100%| E|  |TAMS 0x000000072f600000| PB 0x000000072f600000| Complete 
| 106|0x000000072f800000, 0x000000072fa00000, 0x000000072fa00000|100%| E|CS|TAMS 0x000000072f800000| PB 0x000000072f800000| Complete 
| 107|0x000000072fa00000, 0x000000072fc00000, 0x000000072fc00000|100%| E|CS|TAMS 0x000000072fa00000| PB 0x000000072fa00000| Complete 
| 108|0x000000072fc00000, 0x000000072fe00000, 0x000000072fe00000|100%| E|CS|TAMS 0x000000072fc00000| PB 0x000000072fc00000| Complete 
| 109|0x000000072fe00000, 0x0000000730000000, 0x0000000730000000|100%| E|CS|TAMS 0x000000072fe00000| PB 0x000000072fe00000| Complete 
| 110|0x0000000730000000, 0x0000000730200000, 0x0000000730200000|100%| E|CS|TAMS 0x0000000730000000| PB 0x0000000730000000| Complete 

Card table byte_map: [0x0000025835570000,0x0000025835c60000] _byte_map_base: 0x0000025831c5e000

Marking Bits: (CMBitMap*) 0x00000258216bd940
 Bits: [0x0000025835c60000, 0x00000258393d0000)

Polling page: 0x000002581f640000

Metaspace:

Usage:
  Non-class:      7.53 MB used.
      Class:    990.75 KB used.
       Both:      8.50 MB used.

Virtual space:
  Non-class space:       64.00 MB reserved,       7.62 MB ( 12%) committed,  1 nodes.
      Class space:        1.00 GB reserved,       1.12 MB ( <1%) committed,  1 nodes.
             Both:        1.06 GB reserved,       8.75 MB ( <1%) committed. 

Chunk freelists:
   Non-Class:  8.14 MB
       Class:  14.73 MB
        Both:  22.87 MB

MaxMetaspaceSize: unlimited
CompressedClassSpaceSize: 1.00 GB
Initial GC threshold: 21.00 MB
Current GC threshold: 21.00 MB
CDS: on
 - commit_granule_bytes: 65536.
 - commit_granule_words: 8192.
 - virtual_space_node_default_size: 8388608.
 - enlarge_chunks_in_place: 1.
 - use_allocation_guard: 0.


Internal statistics:

num_allocs_failed_limit: 0.
num_arena_births: 226.
num_arena_deaths: 0.
num_vsnodes_births: 2.
num_vsnodes_deaths: 0.
num_space_committed: 140.
num_space_uncommitted: 0.
num_chunks_returned_to_freelist: 0.
num_chunks_taken_from_freelist: 381.
num_chunk_merges: 0.
num_chunk_splits: 219.
num_chunks_enlarged: 93.
num_inconsistent_stats: 0.

CodeHeap 'non-profiled nmethods': size=119168Kb used=415Kb max_used=415Kb free=118752Kb
 bounds [0x000002582d1a0000, 0x000002582d410000, 0x0000025834600000]
CodeHeap 'profiled nmethods': size=119104Kb used=1992Kb max_used=1992Kb free=117111Kb
 bounds [0x0000025825600000, 0x0000025825870000, 0x000002582ca50000]
CodeHeap 'non-nmethods': size=7488Kb used=2559Kb max_used=2576Kb free=4928Kb
 bounds [0x000002582ca50000, 0x000002582cce0000, 0x000002582d1a0000]
 total_blobs=1745 nmethods=1226 adapters=422
 compilation: enabled
              stopped_count=0, restarted_count=0
 full_count=0

Compilation events (20 events):
Event: 0.417 Thread 0x000002583c3be470 1216       3       java.lang.invoke.MethodHandles$Lookup::resolveOrFail (48 bytes)
Event: 0.417 Thread 0x000002583c39c760 1217       3       java.lang.invoke.MethodHandles$Lookup::checkMethodName (45 bytes)
Event: 0.417 Thread 0x000002583c39c760 nmethod 1217 0x00000258257e8610 code [0x00000258257e8860, 0x00000258257e8f28]
Event: 0.417 Thread 0x000002583c3be470 nmethod 1216 0x00000258257e9210 code [0x00000258257e9460, 0x00000258257e9b18]
Event: 0.417 Thread 0x000002583c39c760 1218       3       sun.security.ec.XECOperations::bitAt (23 bytes)
Event: 0.418 Thread 0x000002583c39c760 nmethod 1218 0x00000258257e9e10 code [0x00000258257e9fc0, 0x00000258257ea158]
Event: 0.418 Thread 0x000002583c39c760 1219       3       sun.security.util.math.intpoly.IntegerPolynomial25519::reduce (40 bytes)
Event: 0.418 Thread 0x000002583c7f2e90 1220       3       sun.security.util.math.intpoly.IntegerPolynomial25519::carryReduce (391 bytes)
Event: 0.418 Thread 0x000002583c39c760 nmethod 1219 0x00000258257ea290 code [0x00000258257ea460, 0x00000258257ea760]
Event: 0.418 Thread 0x000002583c7f2e90 nmethod 1220 0x00000258257ea910 code [0x00000258257eaac0, 0x00000258257eaf20]
Event: 0.422 Thread 0x000002583c3974a0 nmethod 1214 0x000002582d203b90 code [0x000002582d203d60, 0x000002582d204350]
Event: 0.422 Thread 0x000002583c3be470 1223       3       sun.security.provider.SHA2::implCompress0 (448 bytes)
Event: 0.422 Thread 0x000002583c3974a0 1221       4       sun.security.util.math.intpoly.IntegerPolynomial$MutableElement::setProduct (6 bytes)
Event: 0.422 Thread 0x000002583c3be470 nmethod 1223 0x00000258257eb110 code [0x00000258257eb360, 0x00000258257ebf70]
Event: 0.425 Thread 0x000002583c3be470 1226       3       java.nio.ByteBuffer::arrayOffset (35 bytes)
Event: 0.425 Thread 0x000002583c3be470 nmethod 1226 0x00000258257ec690 code [0x00000258257ec860, 0x00000258257ecb30]
Event: 0.427 Thread 0x000002583c3974a0 nmethod 1221 0x000002582d204d10 code [0x000002582d204f00, 0x000002582d205458]
Event: 0.427 Thread 0x000002583c3974a0 1222       4       sun.security.util.math.intpoly.IntegerPolynomial$MutableElement::setProduct (58 bytes)
Event: 0.428 Thread 0x000002583c3be470 1227       3       java.lang.invoke.TypeConvertingMethodAdapter::convertType (299 bytes)
Event: 0.430 Thread 0x000002583c3be470 nmethod 1227 0x00000258257ecc90 code [0x00000258257ed340, 0x00000258257f0d30]

GC Heap History (0 events):
No events

Dll operation events (2 events):
Event: 0.005 Loaded shared library C:\Program Files\JetBrains\PyCharm 2024.3\jbr\bin\java.dll
Event: 0.026 Loaded shared library C:\Program Files\JetBrains\PyCharm 2024.3\jbr\bin\zip.dll

Deoptimization events (20 events):
Event: 0.418 Thread 0x000002587e255540 Uncommon trap: trap_request=0xffffff66 fr.pc=0x000002582d1fef74 relative=0x0000000000000314
Event: 0.418 Thread 0x000002587e255540 Uncommon trap: reason=speculate_class_check action=maybe_recompile pc=0x000002582d1fef74 method=sun.security.util.math.intpoly.IntegerPolynomial.multByInt([JJ)V @ 26 c2
Event: 0.418 Thread 0x000002587e255540 DEOPT PACKING pc=0x000002582d1fef74 sp=0x000000f812ffe3e0
Event: 0.418 Thread 0x000002587e255540 DEOPT UNPACKING pc=0x000002582caa46a2 sp=0x000000f812ffe2c8 mode 2
Event: 0.418 Thread 0x000002587e255540 Uncommon trap: trap_request=0xffffff66 fr.pc=0x000002582d1fef74 relative=0x0000000000000314
Event: 0.418 Thread 0x000002587e255540 Uncommon trap: reason=speculate_class_check action=maybe_recompile pc=0x000002582d1fef74 method=sun.security.util.math.intpoly.IntegerPolynomial.multByInt([JJ)V @ 26 c2
Event: 0.418 Thread 0x000002587e255540 DEOPT PACKING pc=0x000002582d1fef74 sp=0x000000f812ffe3e0
Event: 0.418 Thread 0x000002587e255540 DEOPT UNPACKING pc=0x000002582caa46a2 sp=0x000000f812ffe2c8 mode 2
Event: 0.418 Thread 0x000002587e255540 Uncommon trap: trap_request=0xffffff66 fr.pc=0x000002582d1fef74 relative=0x0000000000000314
Event: 0.418 Thread 0x000002587e255540 Uncommon trap: reason=speculate_class_check action=maybe_recompile pc=0x000002582d1fef74 method=sun.security.util.math.intpoly.IntegerPolynomial.multByInt([JJ)V @ 26 c2
Event: 0.418 Thread 0x000002587e255540 DEOPT PACKING pc=0x000002582d1fef74 sp=0x000000f812ffe3e0
Event: 0.418 Thread 0x000002587e255540 DEOPT UNPACKING pc=0x000002582caa46a2 sp=0x000000f812ffe2c8 mode 2
Event: 0.418 Thread 0x000002587e255540 Uncommon trap: trap_request=0xffffff66 fr.pc=0x000002582d1fe674 relative=0x0000000000000314
Event: 0.418 Thread 0x000002587e255540 Uncommon trap: reason=speculate_class_check action=maybe_recompile pc=0x000002582d1fe674 method=sun.security.util.math.intpoly.IntegerPolynomial.multByInt([JJ)V @ 26 c2
Event: 0.418 Thread 0x000002587e255540 DEOPT PACKING pc=0x000002582d1fe674 sp=0x000000f812ffe370
Event: 0.418 Thread 0x000002587e255540 DEOPT UNPACKING pc=0x000002582caa46a2 sp=0x000000f812ffe2c0 mode 2
Event: 0.418 Thread 0x000002587e255540 Uncommon trap: trap_request=0xffffff66 fr.pc=0x000002582d1fe674 relative=0x0000000000000314
Event: 0.418 Thread 0x000002587e255540 Uncommon trap: reason=speculate_class_check action=maybe_recompile pc=0x000002582d1fe674 method=sun.security.util.math.intpoly.IntegerPolynomial.multByInt([JJ)V @ 26 c2
Event: 0.418 Thread 0x000002587e255540 DEOPT PACKING pc=0x000002582d1fe674 sp=0x000000f812ffe370
Event: 0.418 Thread 0x000002587e255540 DEOPT UNPACKING pc=0x000002582caa46a2 sp=0x000000f812ffe2c0 mode 2

Classes loaded (20 events):
Event: 0.427 Loading class sun/security/x509/CertificateAlgorithmId done
Event: 0.427 Loading class sun/security/x509/X500Name
Event: 0.427 Loading class sun/security/x509/GeneralNameInterface
Event: 0.427 Loading class sun/security/x509/GeneralNameInterface done
Event: 0.427 Loading class sun/security/x509/X500Name done
Event: 0.428 Loading class javax/security/auth/x500/X500Principal
Event: 0.428 Loading class javax/security/auth/x500/X500Principal done
Event: 0.428 Loading class sun/security/x509/RDN
Event: 0.428 Loading class sun/security/x509/RDN done
Event: 0.429 Loading class sun/security/x509/AVA
Event: 0.429 Loading class sun/security/x509/AVA done
Event: 0.429 Loading class sun/security/x509/CertificateValidity
Event: 0.429 Loading class sun/security/x509/CertificateValidity done
Event: 0.429 Loading class sun/security/x509/CertificateX509Key
Event: 0.429 Loading class sun/security/x509/CertificateX509Key done
Event: 0.430 Loading class jdk/internal/access/JavaSecuritySpecAccess
Event: 0.430 Loading class jdk/internal/access/JavaSecuritySpecAccess done
Event: 0.430 Loading class sun/security/x509/CertificateExtensions
Event: 0.430 Loading class sun/security/x509/CertificateExtensions done
Event: 0.430 Loading class sun/security/x509/Extension

Classes unloaded (0 events):
No events

Classes redefined (0 events):
No events

Internal exceptions (20 events):
Event: 0.208 Thread 0x000002581f452890 Exception <a 'java/lang/NoSuchMethodError'{0x000000072fbdf688}: 'int java.lang.invoke.DirectMethodHandle$Holder.invokeStaticInit(java.lang.Object, long, long)'> (0x000000072fbdf688) 
thrown [s\src\hotspot\share\interpreter\linkResolver.cpp, line 784]
Event: 0.208 Thread 0x000002581f452890 Exception <a 'java/lang/NoSuchMethodError'{0x000000072fbe6120}: 'int java.lang.invoke.DirectMethodHandle$Holder.invokeStaticInit(java.lang.Object, float, float)'> (0x000000072fbe6120) 
thrown [s\src\hotspot\share\interpreter\linkResolver.cpp, line 784]
Event: 0.209 Thread 0x000002581f452890 Exception <a 'java/lang/NoSuchMethodError'{0x000000072fbecbb0}: 'int java.lang.invoke.DirectMethodHandle$Holder.invokeStaticInit(java.lang.Object, double, double)'> (0x000000072fbecbb0) 
thrown [s\src\hotspot\share\interpreter\linkResolver.cpp, line 784]
Event: 0.209 Thread 0x000002581f452890 Exception <a 'java/lang/NoSuchMethodError'{0x000000072fbf1360}: 'int java.lang.invoke.DirectMethodHandle$Holder.invokeStatic(java.lang.Object, long)'> (0x000000072fbf1360) 
thrown [s\src\hotspot\share\interpreter\linkResolver.cpp, line 784]
Event: 0.213 Thread 0x000002581f452890 Exception <a 'java/lang/NoSuchMethodError'{0x000000072f81b000}: 'java.lang.Object java.lang.invoke.DirectMethodHandle$Holder.invokeSpecial(java.lang.Object, java.lang.Object, int, java.lang.Object, java.lang.Object)'> (0x000000072f81b000) 
thrown [s\src\hotspot\share\interpreter\linkResolver.cpp, line 784]
Event: 0.213 Thread 0x000002581f452890 Exception <a 'java/lang/NoSuchMethodError'{0x000000072f81e990}: 'java.lang.Object java.lang.invoke.DelegatingMethodHandle$Holder.delegate(java.lang.Object, int, java.lang.Object, java.lang.Object)'> (0x000000072f81e990) 
thrown [s\src\hotspot\share\interpreter\linkResolver.cpp, line 784]
Event: 0.215 Thread 0x000002581f452890 Exception <a 'java/lang/NoSuchMethodError'{0x000000072f82dcb0}: 'int java.lang.invoke.Invokers$Holder.linkToTargetMethod(java.lang.Object, java.lang.Object, java.lang.Object)'> (0x000000072f82dcb0) 
thrown [s\src\hotspot\share\interpreter\linkResolver.cpp, line 784]
Event: 0.217 Thread 0x000002581f452890 Exception <a 'java/lang/NoSuchMethodError'{0x000000072f85f958}: 'long java.lang.invoke.DirectMethodHandle$Holder.invokeSpecial(java.lang.Object, java.lang.Object)'> (0x000000072f85f958) 
thrown [s\src\hotspot\share\interpreter\linkResolver.cpp, line 784]
Event: 0.218 Thread 0x000002581f452890 Exception <a 'java/lang/NoSuchMethodError'{0x000000072f866228}: 'int java.lang.invoke.DirectMethodHandle$Holder.invokeStatic(java.lang.Object, java.lang.Object, java.lang.Object, java.lang.Object)'> (0x000000072f866228) 
thrown [s\src\hotspot\share\interpreter\linkResolver.cpp, line 784]
Event: 0.218 Thread 0x000002581f452890 Exception <a 'java/lang/NoSuchMethodError'{0x000000072f869648}: 'java.lang.Object java.lang.invoke.Invokers$Holder.invokeExact_MT(java.lang.Object, java.lang.Object, java.lang.Object, java.lang.Object, java.lang.Object, java.lang.Object)'> (0x000000072f869648) 
thrown [s\src\hotspot\share\interpreter\linkResolver.cpp, line 784]
Event: 0.284 Thread 0x000002581f452890 Exception <a 'java/lang/NoSuchMethodError'{0x000000072f6f6cb8}: 'java.lang.Object java.lang.invoke.DirectMethodHandle$Holder.newInvokeSpecial(java.lang.Object, java.lang.Object, java.lang.Object, java.lang.Object, java.lang.Object)'> (0x000000072f6f6cb8) 
thrown [s\src\hotspot\share\interpreter\linkResolver.cpp, line 784]
Event: 0.308 Thread 0x000002581f452890 Exception <a 'java/lang/NoSuchMethodError'{0x000000072f4811a0}: 'java.lang.Object java.lang.invoke.DirectMethodHandle$Holder.invokeSpecial(java.lang.Object, java.lang.Object, java.lang.Object, java.lang.Object, int)'> (0x000000072f4811a0) 
thrown [s\src\hotspot\share\interpreter\linkResolver.cpp, line 784]
Event: 0.308 Thread 0x000002581f452890 Exception <a 'java/lang/NoSuchMethodError'{0x000000072f484b08}: 'java.lang.Object java.lang.invoke.Invokers$Holder.linkToTargetMethod(java.lang.Object, java.lang.Object, int, java.lang.Object)'> (0x000000072f484b08) 
thrown [s\src\hotspot\share\interpreter\linkResolver.cpp, line 784]
Event: 0.313 Thread 0x000002581f452890 Exception <a 'java/lang/NoSuchMethodError'{0x000000072f4b2bb0}: 'void java.lang.invoke.DirectMethodHandle$Holder.invokeSpecial(java.lang.Object, java.lang.Object, java.lang.Object)'> (0x000000072f4b2bb0) 
thrown [s\src\hotspot\share\interpreter\linkResolver.cpp, line 784]
Event: 0.322 Thread 0x000002587e131570 Exception <a 'java/lang/NoSuchMethodError'{0x000000072f6972f8}: 'void java.lang.invoke.DirectMethodHandle$Holder.invokeStatic(java.lang.Object, java.lang.Object, int)'> (0x000000072f6972f8) 
thrown [s\src\hotspot\share\interpreter\linkResolver.cpp, line 784]
Event: 0.323 Thread 0x000002581f452890 Exception <a 'java/lang/NoSuchMethodError'{0x000000072f543358}: 'void java.lang.invoke.DirectMethodHandle$Holder.invokeSpecial(java.lang.Object, java.lang.Object, java.lang.Object, java.lang.Object, java.lang.Object)'> (0x000000072f543358) 
thrown [s\src\hotspot\share\interpreter\linkResolver.cpp, line 784]
Event: 0.328 Thread 0x000002587e131570 Exception <a 'java/lang/NoSuchMethodError'{0x000000072f6d0ff0}: 'void java.lang.invoke.DirectMethodHandle$Holder.invokeStatic(java.lang.Object, java.lang.Object)'> (0x000000072f6d0ff0) 
thrown [s\src\hotspot\share\interpreter\linkResolver.cpp, line 784]
Event: 0.328 Thread 0x000002587e255540 Exception <a 'java/lang/NoSuchMethodError'{0x000000072f5f7b58}: 'void java.lang.invoke.DirectMethodHandle$Holder.invokeInterface(java.lang.Object, java.lang.Object, java.lang.Object)'> (0x000000072f5f7b58) 
thrown [s\src\hotspot\share\interpreter\linkResolver.cpp, line 784]
Event: 0.333 Thread 0x000002587e255540 Exception <a 'java/lang/NoSuchMethodError'{0x000000072f24a078}: 'void java.lang.invoke.DirectMethodHandle$Holder.invokeVirtual(java.lang.Object, java.lang.Object)'> (0x000000072f24a078) 
thrown [s\src\hotspot\share\interpreter\linkResolver.cpp, line 784]
Event: 0.411 Thread 0x000002587e255540 Exception <a 'java/lang/NoSuchMethodError'{0x000000072f057010}: 'void java.lang.invoke.DirectMethodHandle$Holder.invokeInterface(java.lang.Object, java.lang.Object)'> (0x000000072f057010) 
thrown [s\src\hotspot\share\interpreter\linkResolver.cpp, line 784]

ZGC Phase Switch (0 events):
No events

VM Operations (10 events):
Event: 0.056 Executing VM operation: HandshakeAllThreads (Deoptimize)
Event: 0.056 Executing VM operation: HandshakeAllThreads (Deoptimize) done
Event: 0.061 Executing VM operation: HandshakeAllThreads (Deoptimize)
Event: 0.061 Executing VM operation: HandshakeAllThreads (Deoptimize) done
Event: 0.162 Executing VM operation: HandshakeAllThreads (Deoptimize)
Event: 0.162 Executing VM operation: HandshakeAllThreads (Deoptimize) done
Event: 0.324 Executing VM operation: HandshakeAllThreads (Deoptimize)
Event: 0.324 Executing VM operation: HandshakeAllThreads (Deoptimize) done
Event: 0.364 Executing VM operation: ICBufferFull
Event: 0.364 Executing VM operation: ICBufferFull done

Memory protections (0 events):
No events

Nmethod flushes (0 events):
No events

Events (20 events):
Event: 0.034 Thread 0x000002581f452890 Thread added: 0x000002583c38da80
Event: 0.034 Thread 0x000002581f452890 Thread added: 0x000002583c3904e0
Event: 0.034 Thread 0x000002581f452890 Thread added: 0x000002583c391340
Event: 0.034 Thread 0x000002581f452890 Thread added: 0x000002583c3920f0
Event: 0.035 Thread 0x000002581f452890 Thread added: 0x000002583c3974a0
Event: 0.035 Thread 0x000002581f452890 Thread added: 0x000002583c39c760
Event: 0.043 Thread 0x000002583c39c760 Thread added: 0x000002583c3be470
Event: 0.047 Thread 0x000002581f452890 Thread added: 0x000002583c6810c0
Event: 0.048 Thread 0x000002581f452890 Thread added: 0x000002583c684900
Event: 0.050 Loaded shared library C:\Program Files\JetBrains\PyCharm 2024.3\jbr\bin\net.dll
Event: 0.052 Loaded shared library C:\Program Files\JetBrains\PyCharm 2024.3\jbr\bin\nio.dll
Event: 0.054 Loaded shared library C:\Program Files\JetBrains\PyCharm 2024.3\jbr\bin\zip.dll
Event: 0.091 Loaded shared library C:\Program Files\JetBrains\PyCharm 2024.3\jbr\bin\jimage.dll
Event: 0.170 Thread 0x000002583c39c760 Thread added: 0x000002583c7f2e90
Event: 0.173 Thread 0x000002583c7f2e90 Thread added: 0x000002583c7f3940
Event: 0.244 Loaded shared library C:\Program Files\JetBrains\PyCharm 2024.3\jbr\bin\sunmscapi.dll
Event: 0.275 Loaded shared library C:\Program Files\JetBrains\PyCharm 2024.3\jbr\bin\extnet.dll
Event: 0.280 Thread 0x000002581f452890 Thread added: 0x000002587e131570
Event: 0.327 Thread 0x000002587e131570 Thread added: 0x000002587e255540
Event: 0.338 Thread 0x000002587e131570 Thread added: 0x000002587e23a8d0


Dynamic libraries:
0x00007ff7ddcd0000 - 0x00007ff7ddcda000 	C:\Program Files\JetBrains\PyCharm 2024.3\jbr\bin\java.exe
0x00007ffc99d70000 - 0x00007ffc99f68000 	C:\Windows\SYSTEM32\ntdll.dll
0x00007ffc98c70000 - 0x00007ffc98d32000 	C:\Windows\System32\KERNEL32.DLL
0x00007ffc97a40000 - 0x00007ffc97d3e000 	C:\Windows\System32\KERNELBASE.dll
0x00007ffc97880000 - 0x00007ffc97980000 	C:\Windows\System32\ucrtbase.dll
0x00007ffc59d10000 - 0x00007ffc59d28000 	C:\Program Files\JetBrains\PyCharm 2024.3\jbr\bin\jli.dll
0x00007ffc87ed0000 - 0x00007ffc87eeb000 	C:\Program Files\JetBrains\PyCharm 2024.3\jbr\bin\VCRUNTIME140.dll
0x00007ffc98780000 - 0x00007ffc9891d000 	C:\Windows\System32\USER32.dll
0x00007ffc97a10000 - 0x00007ffc97a32000 	C:\Windows\System32\win32u.dll
0x00007ffc87440000 - 0x00007ffc876da000 	C:\Windows\WinSxS\amd64_microsoft.windows.common-controls_6595b64144ccf1df_6.0.19041.4355_none_60b8b9eb71f62e16\COMCTL32.dll
0x00007ffc99d00000 - 0x00007ffc99d2b000 	C:\Windows\System32\GDI32.dll
0x00007ffc99c60000 - 0x00007ffc99cfe000 	C:\Windows\System32\msvcrt.dll
0x00007ffc976f0000 - 0x00007ffc97807000 	C:\Windows\System32\gdi32full.dll
0x00007ffc974f0000 - 0x00007ffc9758d000 	C:\Windows\System32\msvcp_win.dll
0x00007ffc98aa0000 - 0x00007ffc98acf000 	C:\Windows\System32\IMM32.DLL
0x00007ffc7e160000 - 0x00007ffc7e16c000 	C:\Program Files\JetBrains\PyCharm 2024.3\jbr\bin\vcruntime140_1.dll
0x00007ffb87600000 - 0x00007ffb8768d000 	C:\Program Files\JetBrains\PyCharm 2024.3\jbr\bin\msvcp140.dll
0x00007ffbadb90000 - 0x00007ffbae951000 	C:\Program Files\JetBrains\PyCharm 2024.3\jbr\bin\server\jvm.dll
0x00007ffc982e0000 - 0x00007ffc98391000 	C:\Windows\System32\ADVAPI32.dll
0x00007ffc98600000 - 0x00007ffc9869f000 	C:\Windows\System32\sechost.dll
0x00007ffc984d0000 - 0x00007ffc985f3000 	C:\Windows\System32\RPCRT4.dll
0x00007ffc97410000 - 0x00007ffc97437000 	C:\Windows\System32\bcrypt.dll
0x00007ffc98ef0000 - 0x00007ffc98f5b000 	C:\Windows\System32\WS2_32.dll
0x00007ffc97270000 - 0x00007ffc972bb000 	C:\Windows\SYSTEM32\POWRPROF.dll
0x00007ffc8d9a0000 - 0x00007ffc8d9aa000 	C:\Windows\SYSTEM32\VERSION.dll
0x00007ffc8a190000 - 0x00007ffc8a1b7000 	C:\Windows\SYSTEM32\WINMM.dll
0x00007ffc97250000 - 0x00007ffc97262000 	C:\Windows\SYSTEM32\UMPDC.dll
0x00007ffc95bf0000 - 0x00007ffc95c02000 	C:\Windows\SYSTEM32\kernel.appcore.dll
0x00007ffc77250000 - 0x00007ffc7725a000 	C:\Program Files\JetBrains\PyCharm 2024.3\jbr\bin\jimage.dll
0x00007ffc95750000 - 0x00007ffc95934000 	C:\Windows\SYSTEM32\DBGHELP.DLL
0x00007ffc83c90000 - 0x00007ffc83cc4000 	C:\Windows\SYSTEM32\dbgcore.DLL
0x00007ffc97980000 - 0x00007ffc97a02000 	C:\Windows\System32\bcryptPrimitives.dll
0x00007ffc71f80000 - 0x00007ffc71fa0000 	C:\Program Files\JetBrains\PyCharm 2024.3\jbr\bin\java.dll
0x00007ffc99090000 - 0x00007ffc997fd000 	C:\Windows\System32\SHELL32.dll
0x00007ffc94630000 - 0x00007ffc94dd3000 	C:\Windows\SYSTEM32\windows.storage.dll
0x00007ffc99900000 - 0x00007ffc99c53000 	C:\Windows\System32\combase.dll
0x00007ffc96c90000 - 0x00007ffc96cbe000 	C:\Windows\SYSTEM32\Wldp.dll
0x00007ffc98400000 - 0x00007ffc984cd000 	C:\Windows\System32\OLEAUT32.dll
0x00007ffc989d0000 - 0x00007ffc98a7d000 	C:\Windows\System32\SHCORE.dll
0x00007ffc97d90000 - 0x00007ffc97de5000 	C:\Windows\System32\shlwapi.dll
0x00007ffc97340000 - 0x00007ffc97364000 	C:\Windows\SYSTEM32\profapi.dll
0x00007ffc71000000 - 0x00007ffc71018000 	C:\Program Files\JetBrains\PyCharm 2024.3\jbr\bin\zip.dll
0x00007ffc75a00000 - 0x00007ffc75a10000 	C:\Program Files\JetBrains\PyCharm 2024.3\jbr\bin\net.dll
0x00007ffc93540000 - 0x00007ffc9364d000 	C:\Windows\SYSTEM32\WINHTTP.dll
0x00007ffc96a70000 - 0x00007ffc96ada000 	C:\Windows\system32\mswsock.dll
0x00007ffc6fd30000 - 0x00007ffc6fd46000 	C:\Program Files\JetBrains\PyCharm 2024.3\jbr\bin\nio.dll
0x00007ffc96cd0000 - 0x00007ffc96ce8000 	C:\Windows\SYSTEM32\CRYPTSP.dll
0x00007ffc963b0000 - 0x00007ffc963e4000 	C:\Windows\system32\rsaenh.dll
0x00007ffc97300000 - 0x00007ffc9732e000 	C:\Windows\SYSTEM32\USERENV.dll
0x00007ffc96c00000 - 0x00007ffc96c0c000 	C:\Windows\SYSTEM32\CRYPTBASE.dll
0x00007ffc96770000 - 0x00007ffc967ab000 	C:\Windows\SYSTEM32\IPHLPAPI.DLL
0x00007ffc998f0000 - 0x00007ffc998f8000 	C:\Windows\System32\NSI.dll
0x00007ffc6fcc0000 - 0x00007ffc6fcce000 	C:\Program Files\JetBrains\PyCharm 2024.3\jbr\bin\sunmscapi.dll
0x00007ffc97590000 - 0x00007ffc976ec000 	C:\Windows\System32\CRYPT32.dll
0x00007ffc96de0000 - 0x00007ffc96e07000 	C:\Windows\SYSTEM32\ncrypt.dll
0x00007ffc96da0000 - 0x00007ffc96ddb000 	C:\Windows\SYSTEM32\NTASN1.dll
0x00007ffc8be70000 - 0x00007ffc8be77000 	C:\Windows\system32\wshunix.dll
0x00007ffc6fa20000 - 0x00007ffc6fa29000 	C:\Program Files\JetBrains\PyCharm 2024.3\jbr\bin\extnet.dll

dbghelp: loaded successfully - version: 4.0.5 - missing functions: none
symbol engine: initialized successfully - sym options: 0x614 - pdb path: .;C:\Program Files\JetBrains\PyCharm 2024.3\jbr\bin;C:\Windows\SYSTEM32;C:\Windows\WinSxS\amd64_microsoft.windows.common-controls_6595b64144ccf1df_6.0.19041.4355_none_60b8b9eb71f62e16;C:\Program Files\JetBrains\PyCharm 2024.3\jbr\bin\server

VM Arguments:
java_command: git4idea.http.GitAskPassApp Password for 'https://CKHgitDLI@github.com': 
java_class_path (initial): C:/Program Files/JetBrains/PyCharm 2024.3/plugins/vcs-git/lib/git4idea-rt.jar;C:/Program Files/JetBrains/PyCharm 2024.3/lib/externalProcess-rt.jar
Launcher Type: SUN_STANDARD

[Global flags]
     intx CICompilerCount                          = 12                                        {product} {ergonomic}
     uint ConcGCThreads                            = 3                                         {product} {ergonomic}
     uint G1ConcRefinementThreads                  = 13                                        {product} {ergonomic}
   size_t G1HeapRegionSize                         = 2097152                                   {product} {ergonomic}
    uintx GCDrainStackTargetSize                   = 64                                        {product} {ergonomic}
   size_t InitialHeapSize                          = 232783872                                 {product} {ergonomic}
   size_t MarkStackSize                            = 4194304                                   {product} {ergonomic}
   size_t MaxHeapSize                              = 3720347648                                {product} {ergonomic}
   size_t MaxNewSize                               = 2231369728                                {product} {ergonomic}
   size_t MinHeapDeltaBytes                        = 2097152                                   {product} {ergonomic}
   size_t MinHeapSize                              = 8388608                                   {product} {ergonomic}
    uintx NonNMethodCodeHeapSize                   = 7602480                                {pd product} {ergonomic}
    uintx NonProfiledCodeHeapSize                  = 122027880                              {pd product} {ergonomic}
    uintx ProfiledCodeHeapSize                     = 122027880                              {pd product} {ergonomic}
    uintx ReservedCodeCacheSize                    = 251658240                              {pd product} {ergonomic}
     bool SegmentedCodeCache                       = true                                      {product} {ergonomic}
   size_t SoftMaxHeapSize                          = 3720347648                             {manageable} {ergonomic}
     bool UseCompressedOops                        = true                           {product lp64_product} {ergonomic}
     bool UseG1GC                                  = true                                      {product} {ergonomic}
     bool UseLargePagesIndividualAllocation        = false                                  {pd product} {ergonomic}

Logging:
Log output configuration:
 #0: stdout all=warning uptime,level,tags foldmultilines=false
 #1: stderr all=off uptime,level,tags foldmultilines=false

Environment Variables:
PATH=C:\Program Files\Git\mingw64\libexec\git-core;C:\Program Files\Git\mingw64\libexec\git-core;C:\Program Files\Git\mingw64\bin;C:\Program Files\Git\usr\bin;C:\Users\CKH-Pro16\bin;C:\Program Files (x86)\VMware\VMware Workstation\bin;C:\Program Files\Common Files\Oracle\Java\javapath;C:\Windows\system32;C:\Windows;C:\Windows\System32\Wbem;C:\Windows\System32\WindowsPowerShell\v1.0;C:\Windows\System32\OpenSSH;C:\Program Files\nodejs;D:\Program Files\MATLAB\R2024a\runtime\win64;D:\Program Files\MATLAB\R2024a\bin;C:\Program Files\Git\cmd;C:\Users\CKH-Pro16\AppData\Local\Programs\Python\Python312\Scripts;C:\Users\CKH-Pro16\AppData\Local\Programs\Python\Python312;C:\Program Files (x86)\Windows Kits\10\Windows Performance Toolkit;C:\Users\CKH-Pro16\anaconda3;C:\Users\CKH-Pro16\anaconda3\Scripts;C:\Users\CKH-Pro16\anaconda3\Library\mingw-w64\bin;C:\Users\CKH-Pro16\anaconda3\Library\bin;C:\Program Files (x86)\PDFtk Server\bin;C:\Program Files\Docker\Docker\resources\bin;C:\Users\CKH-Pro16\AppData\Local\Programs\Python\Python312\Scripts;C:\Users\CKH-Pro16\AppData\Local\Programs\Python\Python312;C:\Users\CKH-Pro16\AppData\Local\Microsoft\WindowsApps;C:\Program Files\JetBrains\IntelliJ IDEA 2024.3\bin;C:\Program Files\JetBrains\PyCharm 2024.3\bin;C:\Program Files\JetBrains\WebStorm 2024.3\bin;C:\Users\CKH-Pro16\AppData\Local\Programs\Microsoft VS Code\bin;C:\Users\CKH-Pro16\AppData\Roaming\npm
USERNAME=CKH-Pro16
DISPLAY=:0.0
LC_ALL=en_US.UTF-8
TERM=xterm-256color
TMPDIR=C:\Users\CKH-PR~1\AppData\Local\Temp
OS=Windows_NT
PROCESSOR_IDENTIFIER=AMD64 Family 25 Model 80 Stepping 0, AuthenticAMD
TMP=C:\Users\CKH-PR~1\AppData\Local\Temp
TEMP=C:\Users\CKH-PR~1\AppData\Local\Temp




Periodic native trim disabled

JNI global refs:
JNI global refs: 29, weak refs: 0

JNI global refs memory usage: 835, weak refs: 833

Process memory usage:
Resident Set Size: 80472K (0% of 14528572K total physical memory with 418356K free physical memory)

OOME stack traces (most recent first):
Classloader memory used:
Loader bootstrap                                                                       : 7059K
Loader jdk.internal.loader.ClassLoaders$PlatformClassLoader                            : 1627K
Loader jdk.internal.loader.ClassLoaders$AppClassLoader                                 : 16400B

---------------  S Y S T E M  ---------------

OS:
 Windows 10 , 64 bit Build 19041 (10.0.19041.5198)
OS uptime: 3 days 10:02 hours
Hyper-V role detected

CPU: total 16 (initial active 16) (16 cores per cpu, 2 threads per core) family 25 model 80 stepping 0 microcode 0x0, cx8, cmov, fxsr, ht, mmx, 3dnowpref, sse, sse2, sse3, ssse3, sse4a, sse4.1, sse4.2, popcnt, lzcnt, tsc, tscinvbit, avx, avx2, aes, erms, clmul, bmi1, bmi2, adx, sha, fma, vzeroupper, clflush, clflushopt, hv, rdtscp, rdpid, fsrm, f16c, cet_ss
Processor Information for all 16 processors :
  Max Mhz: 3201, Current Mhz: 3201, Mhz Limit: 3201

Memory: 4k page, system-wide physical 14188M (408M free)
TotalPageFile size 52588M (AvailPageFile size 3M)
current process WorkingSet (physical memory assigned to process): 78M, peak: 78M
current process commit charge ("private bytes"): 335M, peak: 336M

vm_info: OpenJDK 64-Bit Server VM (21.0.5+8-b631.16) for windows-amd64 JRE (21.0.5+8-b631.16), built on 2024-11-02 by "builduser" with MS VC++ 16.10 / 16.11 (VS2019)

END.
